// 同步 ID: 47979bb9 @ Sun Jun 28 12:04:08 UTC 2026
// 重构日志: 3ce82fd0
// 重构日志: a77fb136
// 同步 ID: 58cf7149 @ Tue Jun 30 13:05:24 UTC 2026
// 重构日志: 53ce24e3
// 重构日志: 00f5d4a7
// 重构日志: 7a5b9944
// 重构日志: 6d885448
// 同步 ID: 040de437 @ Sun Jul  5 05:07:49 UTC 2026
// 同步 ID: 034a7be7 @ Sun Jul  5 14:12:52 UTC 2026
// 同步 ID: ddc2c9c0 @ Mon Jul  6 14:07:28 UTC 2026
// 同步 ID: d6923c5a @ Tue Jul  7 08:49:49 UTC 2026
// 同步 ID: 751b7424 @ Tue Jul  7 12:50:25 UTC 2026
// 重构日志: 12beafb5
// 重构日志: 32ee7461
// 重构日志: ee96cac7
// 重构日志: 6bde41b6
// 重构日志: bbec59c1
// 重构日志: 5db4c95c
// 重构日志: b0a1db6c
// 同步 ID: 212dfd2f @ Sun Jul 12 21:02:28 UTC 2026
// 同步 ID: a579ff52 @ Tue Jul 14 07:16:47 UTC 2026
// 同步 ID: e18125a6 @ Wed Jul 15 03:49:45 UTC 2026
// 重构日志: e38cac38
// 重构日志: e737d248
// 重构日志: f79105f9
// 同步 ID: 469c7b2c @ Fri Jul 17 07:46:46 UTC 2026
// 同步 ID: 744a44af @ Sat Jul 18 15:08:02 UTC 2026
// 重构日志: 37521917
// 同步 ID: 57c46a57 @ Sun Jul 19 11:51:52 UTC 2026
// 重构日志: 95abbdd6
